../Core/Src/main.c:91:5:main	32	static,ignoring_inline_asm
../Core/Src/main.c:166:6:SystemClock_Config	88	static
../Core/Src/main.c:214:13:MX_TIM1_Init	96	static
../Core/Src/main.c:289:13:MX_USART3_UART_Init	8	static
../Core/Src/main.c:322:13:MX_GPIO_Init	48	static
../Core/Src/main.c:377:6:SystemWakeUp	24	static
../Core/Src/main.c:392:6:StartEngine	24	static
../Core/Src/main.c:407:6:ControlSpeedTask	24	static
../Core/Src/main.c:470:6:ButtonTaskHandler	32	static,ignoring_inline_asm
../Core/Src/main.c:487:1:HAL_UART_RxCpltCallback	24	static,ignoring_inline_asm
../Core/Src/main.c:511:6:RecievePackTask	16	static
../Core/Src/main.c:530:6:HAL_TIM_PeriodElapsedCallback	16	static
../Core/Src/main.c:547:6:Error_Handler	4	static,ignoring_inline_asm
